Traceback (most recent call last):
  File "/usr/local/python/3.12.1/lib/python3.12/site-packages/jupyter_cache/executors/utils.py", line 58, in single_nb_execution
    executenb(
  File "/usr/local/python/3.12.1/lib/python3.12/site-packages/nbclient/client.py", line 1305, in execute
    return NotebookClient(nb=nb, resources=resources, km=km, **kwargs).execute()
           ^^^^^^^^^^^^^^^^^^^^^^^^^^^^^^^^^^^^^^^^^^^^^^^^^^^^^^^^^^^^^^^^^^^^^
  File "/home/codespace/.local/lib/python3.12/site-packages/jupyter_core/utils/__init__.py", line 165, in wrapped
    return loop.run_until_complete(inner)
           ^^^^^^^^^^^^^^^^^^^^^^^^^^^^^^
  File "/usr/local/python/3.12.1/lib/python3.12/asyncio/base_events.py", line 684, in run_until_complete
    return future.result()
           ^^^^^^^^^^^^^^^
  File "/usr/local/python/3.12.1/lib/python3.12/site-packages/nbclient/client.py", line 705, in async_execute
    await self.async_execute_cell(
  File "/usr/local/python/3.12.1/lib/python3.12/site-packages/nbclient/client.py", line 1058, in async_execute_cell
    await self._check_raise_for_error(cell, cell_index, exec_reply)
  File "/usr/local/python/3.12.1/lib/python3.12/site-packages/nbclient/client.py", line 914, in _check_raise_for_error
    raise CellExecutionError.from_cell_and_msg(cell, exec_reply_content)
nbclient.exceptions.CellExecutionError: An error occurred while executing the following cell:
------------------
import networkx as nx
import matplotlib.pyplot as plt

def load_google_data(file_path):
    df = pd.read_csv(file_path, sep="\t", comment="#", names=["From", "To"])
    print("✅ Jumlah edge:", len(df))
    print("✅ Jumlah node unik:", len(pd.unique(df[['From', 'To']].values.ravel())))
    return df

google_df = load_google_data("/content/web-Google_10k.txt")

------------------


[31m---------------------------------------------------------------------------[39m
[31mNameError[39m                                 Traceback (most recent call last)
[36mCell[39m[36m [39m[32mIn[1][39m[32m, line 10[39m
[32m      7[39m     [38;5;28mprint[39m([33m"[39m[33m✅ Jumlah node unik:[39m[33m"[39m, [38;5;28mlen[39m(pd.unique(df[[[33m'[39m[33mFrom[39m[33m'[39m, [33m'[39m[33mTo[39m[33m'[39m]].values.ravel())))
[32m      8[39m     [38;5;28;01mreturn[39;00m df
[32m---> [39m[32m10[39m google_df = [43mload_google_data[49m[43m([49m[33;43m"[39;49m[33;43m/content/web-Google_10k.txt[39;49m[33;43m"[39;49m[43m)[49m

[36mCell[39m[36m [39m[32mIn[1][39m[32m, line 5[39m, in [36mload_google_data[39m[34m(file_path)[39m
[32m      4[39m [38;5;28;01mdef[39;00m[38;5;250m [39m[34mload_google_data[39m(file_path):
[32m----> [39m[32m5[39m     df = [43mpd[49m.read_csv(file_path, sep=[33m"[39m[38;5;130;01m\t[39;00m[33m"[39m, comment=[33m"[39m[33m#[39m[33m"[39m, names=[[33m"[39m[33mFrom[39m[33m"[39m, [33m"[39m[33mTo[39m[33m"[39m])
[32m      6[39m     [38;5;28mprint[39m([33m"[39m[33m✅ Jumlah edge:[39m[33m"[39m, [38;5;28mlen[39m(df))
[32m      7[39m     [38;5;28mprint[39m([33m"[39m[33m✅ Jumlah node unik:[39m[33m"[39m, [38;5;28mlen[39m(pd.unique(df[[[33m'[39m[33mFrom[39m[33m'[39m, [33m'[39m[33mTo[39m[33m'[39m]].values.ravel())))

[31mNameError[39m: name 'pd' is not defined

