Traceback (most recent call last):
  File "/usr/local/python/3.12.1/lib/python3.12/site-packages/jupyter_cache/executors/utils.py", line 58, in single_nb_execution
    executenb(
  File "/usr/local/python/3.12.1/lib/python3.12/site-packages/nbclient/client.py", line 1305, in execute
    return NotebookClient(nb=nb, resources=resources, km=km, **kwargs).execute()
           ^^^^^^^^^^^^^^^^^^^^^^^^^^^^^^^^^^^^^^^^^^^^^^^^^^^^^^^^^^^^^^^^^^^^^
  File "/home/codespace/.local/lib/python3.12/site-packages/jupyter_core/utils/__init__.py", line 165, in wrapped
    return loop.run_until_complete(inner)
           ^^^^^^^^^^^^^^^^^^^^^^^^^^^^^^
  File "/usr/local/python/3.12.1/lib/python3.12/asyncio/base_events.py", line 684, in run_until_complete
    return future.result()
           ^^^^^^^^^^^^^^^
  File "/usr/local/python/3.12.1/lib/python3.12/site-packages/nbclient/client.py", line 705, in async_execute
    await self.async_execute_cell(
  File "/usr/local/python/3.12.1/lib/python3.12/site-packages/nbclient/client.py", line 1058, in async_execute_cell
    await self._check_raise_for_error(cell, cell_index, exec_reply)
  File "/usr/local/python/3.12.1/lib/python3.12/site-packages/nbclient/client.py", line 914, in _check_raise_for_error
    raise CellExecutionError.from_cell_and_msg(cell, exec_reply_content)
nbclient.exceptions.CellExecutionError: An error occurred while executing the following cell:
------------------
import pandas as pd
import numpy as np
import re
import matplotlib.pyplot as plt
import seaborn as sns

from sklearn.model_selection import train_test_split, GridSearchCV
from sklearn.feature_extraction.text import TfidfVectorizer
from sklearn.linear_model import LogisticRegression
from sklearn.metrics import accuracy_score, classification_report, confusion_matrix

from imblearn.over_sampling import SMOTE

from gensim.models import Word2Vec
from Sastrawi.Stemmer.StemmerFactory import StemmerFactory
from nltk.corpus import stopwords
import nltk
nltk.download('stopwords')

------------------


[31m---------------------------------------------------------------------------[39m
[31mModuleNotFoundError[39m                       Traceback (most recent call last)
[36mCell[39m[36m [39m[32mIn[2][39m[32m, line 12[39m
[32m      9[39m [38;5;28;01mfrom[39;00m[38;5;250m [39m[34;01msklearn[39;00m[34;01m.[39;00m[34;01mlinear_model[39;00m[38;5;250m [39m[38;5;28;01mimport[39;00m LogisticRegression
[32m     10[39m [38;5;28;01mfrom[39;00m[38;5;250m [39m[34;01msklearn[39;00m[34;01m.[39;00m[34;01mmetrics[39;00m[38;5;250m [39m[38;5;28;01mimport[39;00m accuracy_score, classification_report, confusion_matrix
[32m---> [39m[32m12[39m [38;5;28;01mfrom[39;00m[38;5;250m [39m[34;01mimblearn[39;00m[34;01m.[39;00m[34;01mover_sampling[39;00m[38;5;250m [39m[38;5;28;01mimport[39;00m SMOTE
[32m     14[39m [38;5;28;01mfrom[39;00m[38;5;250m [39m[34;01mgensim[39;00m[34;01m.[39;00m[34;01mmodels[39;00m[38;5;250m [39m[38;5;28;01mimport[39;00m Word2Vec
[32m     15[39m [38;5;28;01mfrom[39;00m[38;5;250m [39m[34;01mSastrawi[39;00m[34;01m.[39;00m[34;01mStemmer[39;00m[34;01m.[39;00m[34;01mStemmerFactory[39;00m[38;5;250m [39m[38;5;28;01mimport[39;00m StemmerFactory

[31mModuleNotFoundError[39m: No module named 'imblearn'

